__addtf3
__divtf3
__eqtf2
__extenddftf2
__extendsftf2
__fixtfdi
__fixtfsi
__fixunstfsi
__floatsitf
__floatunsitf
__getf2
__gttf2
__heap_base
__imported_wasi_snapshot_preview1_args_get
__imported_wasi_snapshot_preview1_args_sizes_get
__imported_wasi_snapshot_preview1_clock_res_get
__imported_wasi_snapshot_preview1_clock_time_get
__imported_wasi_snapshot_preview1_environ_get
__imported_wasi_snapshot_preview1_environ_sizes_get
__imported_wasi_snapshot_preview1_fd_advise
__imported_wasi_snapshot_preview1_fd_allocate
__imported_wasi_snapshot_preview1_fd_close
__imported_wasi_snapshot_preview1_fd_datasync
__imported_wasi_snapshot_preview1_fd_fdstat_get
__imported_wasi_snapshot_preview1_fd_fdstat_set_flags
__imported_wasi_snapshot_preview1_fd_fdstat_set_rights
__imported_wasi_snapshot_preview1_fd_filestat_get
__imported_wasi_snapshot_preview1_fd_filestat_set_size
__imported_wasi_snapshot_preview1_fd_filestat_set_times
__imported_wasi_snapshot_preview1_fd_pread
__imported_wasi_snapshot_preview1_fd_prestat_dir_name
__imported_wasi_snapshot_preview1_fd_prestat_get
__imported_wasi_snapshot_preview1_fd_pwrite
__imported_wasi_snapshot_preview1_fd_read
__imported_wasi_snapshot_preview1_fd_readdir
__imported_wasi_snapshot_preview1_fd_renumber
__imported_wasi_snapshot_preview1_fd_seek
__imported_wasi_snapshot_preview1_fd_sync
__imported_wasi_snapshot_preview1_fd_tell
__imported_wasi_snapshot_preview1_fd_write
__imported_wasi_snapshot_preview1_path_create_directory
__imported_wasi_snapshot_preview1_path_filestat_get
__imported_wasi_snapshot_preview1_path_filestat_set_times
__imported_wasi_snapshot_preview1_path_link
__imported_wasi_snapshot_preview1_path_open
__imported_wasi_snapshot_preview1_path_readlink
__imported_wasi_snapshot_preview1_path_remove_directory
__imported_wasi_snapshot_preview1_path_rename
__imported_wasi_snapshot_preview1_path_symlink
__imported_wasi_snapshot_preview1_path_unlink_file
__imported_wasi_snapshot_preview1_poll_oneoff
__imported_wasi_snapshot_preview1_proc_exit
__imported_wasi_snapshot_preview1_random_get
__imported_wasi_snapshot_preview1_sched_yield
__imported_wasi_snapshot_preview1_sock_accept
__imported_wasi_snapshot_preview1_sock_recv
__imported_wasi_snapshot_preview1_sock_send
__imported_wasi_snapshot_preview1_sock_shutdown
__letf2
__lttf2
__main_argc_argv
__netf2
__stack_pointer
__subtf3
__trunctfdf2
__trunctfsf2
__unordtf2
__wasm_call_ctors
