_CLOCK_MONOTONIC
_CLOCK_REALTIME
_Exit
_IO_feof_unlocked
_IO_ferror_unlocked
_IO_getc
_IO_getc_unlocked
_IO_putc
_IO_putc_unlocked
__EINVAL
__ENOMEM
__SIG_ERR
__SIG_IGN
__asctime_r
__assert_fail
__c_dot_utf8
__c_dot_utf8_locale
__c_locale
__clock
__clock_gettime
__clock_nanosleep
__component_type_object_force_link_wasip2
__component_type_object_force_link_wasip2_public_use_in_this_compilation_unit
__cos
__cosdf
__cosl
__crypt_blowfish
__crypt_des
__crypt_md5
__crypt_r
__crypt_sha256
__crypt_sha512
__ctype_b_loc
__ctype_get_mb_cur_max
__ctype_tolower_loc
__ctype_toupper_loc
__cxa_atexit
__cxa_finalize
__des_setkey
__do_des
__duplocale
__env_rm_add
__errno_location
__exp2f_data
__exp_data
__expo2
__expo2f
__fbufsize
__fclose_ca
__fdopen
__fesetround
__fgetwc_unlocked
__flbf
__floatscan
__fmodeflags
__fopen_rb_ca
__fpending
__fpurge
__fputwc_unlocked
__freadable
__freadahead
__freading
__freadptr
__freadptrinc
__freelocale
__fseeko
__fseeko_unlocked
__fseterr
__fsetlocking
__fsmu8
__ftello
__ftello_unlocked
__funcs_on_exit
__funcs_on_quick_exit
__futimesat
__fwritable
__fwritex
__fwriting
__get_locale
__getdelim
__getentropy
__getopt_msg
__gmtime_r
__hwcap
__inet_aton
__init_ssp
__intscan
__invtrigl_R
__isalnum_l
__isalpha_l
__isatty
__isblank_l
__iscntrl_l
__isdigit_l
__isgraph_l
__islower_l
__isoc99_fscanf
__isoc99_fwscanf
__isoc99_scanf
__isoc99_sscanf
__isoc99_swscanf
__isoc99_vfscanf
__isoc99_vfwscanf
__isoc99_vscanf
__isoc99_vsscanf
__isoc99_vswscanf
__isoc99_vwscanf
__isoc99_wscanf
__isprint_l
__ispunct_l
__isspace_l
__isupper_l
__iswalnum_l
__iswalpha_l
__iswblank_l
__iswcntrl_l
__iswctype_l
__iswdigit_l
__iswgraph_l
__iswlower_l
__iswprint_l
__iswpunct_l
__iswspace_l
__iswupper_l
__iswxdigit_l
__isxdigit_l
__lctrans
__lctrans_cur
__lctrans_impl
__ldexp_cexp
__ldexp_cexpf
__lgamma_r
__lgammaf_r
__lgammal_r
__libc
__libc_calloc
__libc_free
__libc_malloc
__loc_is_allocated
__localtime_r
__log2_data
__log2f_data
__log_data
__logf_data
__lseek
__main_void
__math_divzero
__math_divzerof
__math_invalid
__math_invalidf
__math_invalidl
__math_oflow
__math_oflowf
__math_uflow
__math_uflowf
__math_xflow
__math_xflowf
__memrchr
__mo_lookup
__month_to_secs
__newlocale
__nl_langinfo
__nl_langinfo_l
__ofl_add
__ofl_lock
__ofl_unlock
__optpos
__optreset
__overflow
__p1evll
__pio2_hi
__pio2_lo
__pleval
__polevll
__posix_getopt
__pow_log_data
__powf_log2_data
__progname
__progname_full
__putenv
__qsort_r
__rand48_step
__reallocarray
__rem_pio2
__rem_pio2_large
__rem_pio2f
__rem_pio2l
__rsqrt_tab
__secs_to_tm
__secs_to_zone
__seed48
__shgetc
__shlim
__signgam
__sin
__sindf
__sinl
__small_printf
__stack_chk_fail
__stack_chk_fail_local
__stack_chk_guard
__stderr_FILE
__stderr_used
__stdin_FILE
__stdin_used
__stdio_close
__stdio_exit
__stdio_exit_needed
__stdio_read
__stdio_seek
__stdio_write
__stdout_FILE
__stdout_used
__stdout_write
__stpcpy
__stpncpy
__strcasecmp_l
__strchrnul
__strcoll_l
__strerror_l
__strftime_fmt_1
__strftime_l
__strncasecmp_l
__strtod_l
__strtof_l
__strtoimax_internal
__strtol_internal
__strtold_l
__strtoll_internal
__strtoul_internal
__strtoull_internal
__strtoumax_internal
__strxfrm_l
__sysinfo
__sysv_signal
__tan
__tandf
__tanl
__tm_to_secs
__tm_to_tzname
__tolower_l
__toread
__toread_needs_stdio_exit
__toupper_l
__towctrans_l
__towlower_l
__towrite
__towrite_needs_stdio_exit
__towupper_l
__tre_mem_alloc_impl
__tre_mem_destroy
__tre_mem_new_impl
__tsearch_balance
__uflow
__unlist_locked_file
__uselocale
__utc
__wasi_args_get
__wasi_args_sizes_get
__wasi_clock_res_get
__wasi_clock_time_get
__wasi_environ_get
__wasi_environ_sizes_get
__wasi_fd_advise
__wasi_fd_allocate
__wasi_fd_close
__wasi_fd_datasync
__wasi_fd_fdstat_get
__wasi_fd_fdstat_set_flags
__wasi_fd_fdstat_set_rights
__wasi_fd_filestat_get
__wasi_fd_filestat_set_size
__wasi_fd_filestat_set_times
__wasi_fd_pread
__wasi_fd_prestat_dir_name
__wasi_fd_prestat_get
__wasi_fd_pwrite
__wasi_fd_read
__wasi_fd_readdir
__wasi_fd_renumber
__wasi_fd_seek
__wasi_fd_sync
__wasi_fd_tell
__wasi_fd_write
__wasi_path_create_directory
__wasi_path_filestat_get
__wasi_path_filestat_set_times
__wasi_path_link
__wasi_path_open
__wasi_path_readlink
__wasi_path_remove_directory
__wasi_path_rename
__wasi_path_symlink
__wasi_path_unlink_file
__wasi_poll_oneoff
__wasi_proc_exit
__wasi_random_get
__wasi_sched_yield
__wasi_sock_accept
__wasi_sock_recv
__wasi_sock_send
__wasi_sock_shutdown
__wasi_sockets_utils__any_addr
__wasi_sockets_utils__borrow_network
__wasi_sockets_utils__create_streams
__wasi_sockets_utils__drop_streams
__wasi_sockets_utils__map_error
__wasi_sockets_utils__output_addr_validate
__wasi_sockets_utils__output_addr_write
__wasi_sockets_utils__parse_address
__wasi_sockets_utils__posix_family
__wasi_sockets_utils__stream
__wasi_sockets_utils__tcp_bind
__wasi_sockets_utils__udp_bind
__wasilibc_access
__wasilibc_cwd
__wasilibc_deinitialize_environ
__wasilibc_dttoif
__wasilibc_ensure_environ
__wasilibc_environ
__wasilibc_fd_renumber
__wasilibc_find_abspath
__wasilibc_find_relpath
__wasilibc_find_relpath_alloc
__wasilibc_get_environ
__wasilibc_iftodt
__wasilibc_initialize_environ
__wasilibc_link
__wasilibc_link_newat
__wasilibc_link_oldat
__wasilibc_maybe_reinitialize_environ_eagerly
__wasilibc_nocwd___wasilibc_rmdirat
__wasilibc_nocwd___wasilibc_unlinkat
__wasilibc_nocwd_faccessat
__wasilibc_nocwd_fstatat
__wasilibc_nocwd_linkat
__wasilibc_nocwd_mkdirat_nomode
__wasilibc_nocwd_openat_nomode
__wasilibc_nocwd_opendirat
__wasilibc_nocwd_readlinkat
__wasilibc_nocwd_renameat
__wasilibc_nocwd_scandirat
__wasilibc_nocwd_symlinkat
__wasilibc_nocwd_utimensat
__wasilibc_open_nomode
__wasilibc_populate_preopens
__wasilibc_register_preopened_fd
__wasilibc_rename_newat
__wasilibc_rename_oldat
__wasilibc_rmdirat
__wasilibc_stat
__wasilibc_tell
__wasilibc_unlinkat
__wasilibc_utimens
__wasm_call_dtors
__wcscoll_l
__wcsftime_l
__wcsxfrm_l
__wctrans_l
__wctype_l
__xpg_basename
__xpg_strerror_r
__year_to_secs
_environ
_exit
_flushlbf
_initialize
_start
a64l
abort
abs
accept
accept4
access
acos
acosf
acosh
acoshf
acoshl
acosl
aligned_alloc
alphasort
alphasort64
arc4random
arc4random_buf
arc4random_uniform
asctime
asctime_r
asin
asinf
asinh
asinhf
asinhl
asinl
asprintf
at_quick_exit
atan
atan2
atan2f
atan2l
atanf
atanh
atanhf
atanhl
atanl
atexit
atof
atoi
atol
atoll
basename
bcmp
bcopy
bind
bsd_signal
bsearch
btowc
bzero
c16rtomb
c32rtomb
cabi_realloc
cabs
cabsf
cabsl
cacos
cacosf
cacosh
cacoshf
cacoshl
cacosl
calloc
carg
cargf
cargl
casin
casinf
casinh
casinhf
casinhl
casinl
catan
catanf
catanh
catanhf
catanhl
catanl
catclose
catgets
catopen
cbrt
cbrtf
cbrtl
ccos
ccosf
ccosh
ccoshf
ccoshl
ccosl
ceil
ceilf
ceill
cexp
cexpf
cexpl
chdir
chmod
cimag
cimagf
cimagl
clearenv
clearerr
clearerr_unlocked
clock
clock_getres
clock_gettime
clock_nanosleep
clog
clogf
clogl
close
closedir
confstr
conj
conjf
conjl
connect
copysign
copysignf
copysignl
cos
cosf
cosh
coshf
coshl
cosl
cpow
cpowf
cpowl
cproj
cprojf
cprojl
creal
crealf
creall
creat
creat64
crypt
crypt_r
csin
csinf
csinh
csinhf
csinhl
csinl
csqrt
csqrtf
csqrtl
ctan
ctanf
ctanh
ctanhf
ctanhl
ctanl
ctime
ctime_r
descriptor_table_get_ref
descriptor_table_insert
descriptor_table_remove
difftime
dirfd
dirname
div
dprintf
drand48
drem
dremf
duplocale
ecvt
encrypt
environ
environment_get_arguments
environment_get_environment
environment_initial_cwd
erand48
erf
erfc
erfcf
erfcl
erff
erfl
errno
exit
exit_exit
exit_result_void_void_free
exp
exp10
exp10f
exp10l
exp2
exp2f
exp2l
expf
expl
explicit_bzero
expm1
expm1f
expm1l
fabs
fabsf
fabsl
faccessat
fchmod
fchmodat
fclose
fcntl
fcvt
fdatasync
fdclosedir
fdim
fdimf
fdiml
fdopen
fdopendir
feclearexcept
fegetenv
fegetexceptflag
fegetround
feholdexcept
feof
feof_unlocked
feraiseexcept
ferror
ferror_unlocked
fesetenv
fesetexceptflag
fesetround
fetestexcept
feupdateenv
fflush
fflush_unlocked
ffs
ffsl
ffsll
fgetc
fgetc_unlocked
fgetln
fgetpos
fgetpos64
fgets
fgets_unlocked
fgetwc
fgetwc_unlocked
fgetws
fgetws_unlocked
fileno
fileno_unlocked
filesystem_borrow_descriptor
filesystem_borrow_directory_entry_stream
filesystem_descriptor_drop_borrow
filesystem_descriptor_drop_own
filesystem_descriptor_stat_free
filesystem_directory_entry_free
filesystem_directory_entry_stream_drop_borrow
filesystem_directory_entry_stream_drop_own
filesystem_filesystem_error_code
filesystem_method_descriptor_advise
filesystem_method_descriptor_append_via_stream
filesystem_method_descriptor_create_directory_at
filesystem_method_descriptor_get_flags
filesystem_method_descriptor_get_type
filesystem_method_descriptor_is_same_object
filesystem_method_descriptor_link_at
filesystem_method_descriptor_metadata_hash
filesystem_method_descriptor_metadata_hash_at
filesystem_method_descriptor_open_at
filesystem_method_descriptor_read
filesystem_method_descriptor_read_directory
filesystem_method_descriptor_read_via_stream
filesystem_method_descriptor_readlink_at
filesystem_method_descriptor_remove_directory_at
filesystem_method_descriptor_rename_at
filesystem_method_descriptor_set_size
filesystem_method_descriptor_set_times
filesystem_method_descriptor_set_times_at
filesystem_method_descriptor_stat
filesystem_method_descriptor_stat_at
filesystem_method_descriptor_symlink_at
filesystem_method_descriptor_sync
filesystem_method_descriptor_sync_data
filesystem_method_descriptor_unlink_file_at
filesystem_method_descriptor_write
filesystem_method_descriptor_write_via_stream
filesystem_method_directory_entry_stream_read_directory_entry
filesystem_new_timestamp_free
filesystem_option_datetime_free
filesystem_option_directory_entry_free
filesystem_option_error_code_free
filesystem_preopens_get_directories
filesystem_preopens_list_tuple2_own_descriptor_string_free
filesystem_preopens_tuple2_own_descriptor_string_free
filesystem_result_descriptor_flags_error_code_free
filesystem_result_descriptor_stat_error_code_free
filesystem_result_descriptor_type_error_code_free
filesystem_result_filesize_error_code_free
filesystem_result_metadata_hash_value_error_code_free
filesystem_result_option_directory_entry_error_code_free
filesystem_result_own_descriptor_error_code_free
filesystem_result_own_directory_entry_stream_error_code_free
filesystem_result_own_input_stream_error_code_free
filesystem_result_own_output_stream_error_code_free
filesystem_result_string_error_code_free
filesystem_result_tuple2_list_u8_bool_error_code_free
filesystem_result_void_error_code_free
finite
finitef
floor
floorf
floorl
fma
fmaf
fmal
fmax
fmaxf
fmaxl
fmemopen
fmin
fminf
fminl
fmod
fmodf
fmodl
fmtmsg
fnmatch
fopen
fopen64
fopencookie
fpathconf
fprintf
fpurge
fputc
fputc_unlocked
fputs
fputs_unlocked
fputwc
fputwc_unlocked
fputws
fputws_unlocked
fread
fread_unlocked
free
freelocale
freopen
freopen64
frexp
frexpf
frexpl
fscanf
fseek
fseeko
fseeko64
fsetpos
fsetpos64
fstat
fstatat
fstatvfs
fsync
ftell
ftello
ftello64
ftime
ftruncate
futimens
futimesat
fwide
fwprintf
fwrite
fwrite_unlocked
fwscanf
gcvt
get_avphys_pages
get_nprocs
get_nprocs_conf
get_phys_pages
getc
getc_unlocked
getchar
getchar_unlocked
getcwd
getdate
getdate_err
getdelim
getdomainname
getentropy
getenv
gethostid
getline
getopt
getopt_long
getopt_long_only
getpagesize
getpid
getrusage
getsockopt
getsubopt
gettimeofday
getw
getwc
getwc_unlocked
getwchar
getwchar_unlocked
glob
glob64
globfree
globfree64
gmtime
gmtime_r
hcreate
hcreate_r
hdestroy
hdestroy_r
hsearch
hsearch_r
htonl
htons
hypot
hypotf
hypotl
iconv
iconv_close
iconv_open
ilogb
ilogbf
ilogbl
imaxabs
imaxdiv
in6addr_any
in6addr_loopback
index
inet_aton
inet_ntop
inet_pton
initstate
insque
instance_network_instance_network
io_error_borrow_error
io_error_error_drop_borrow
io_error_error_drop_own
io_error_method_error_to_debug_string
ioctl
ip_name_lookup_borrow_resolve_address_stream
ip_name_lookup_ip_address_free
ip_name_lookup_method_resolve_address_stream_resolve_next_address
ip_name_lookup_method_resolve_address_stream_subscribe
ip_name_lookup_option_ip_address_free
ip_name_lookup_resolve_address_stream_drop_borrow
ip_name_lookup_resolve_address_stream_drop_own
ip_name_lookup_resolve_addresses
ip_name_lookup_result_option_ip_address_error_code_free
ip_name_lookup_result_own_resolve_address_stream_error_code_free
iprintf
isalnum
isalnum_l
isalpha
isalpha_l
isascii
isatty
isblank
isblank_l
iscntrl
iscntrl_l
isdigit
isdigit_l
isgraph
isgraph_l
islower
islower_l
isprint
isprint_l
ispunct
ispunct_l
isspace
isspace_l
isupper
isupper_l
iswalnum
iswalnum_l
iswalpha
iswalpha_l
iswblank
iswblank_l
iswcntrl
iswcntrl_l
iswctype
iswctype_l
iswdigit
iswdigit_l
iswgraph
iswgraph_l
iswlower
iswlower_l
iswprint
iswprint_l
iswpunct
iswpunct_l
iswspace
iswspace_l
iswupper
iswupper_l
iswxdigit
iswxdigit_l
isxdigit
isxdigit_l
j0
j0f
j1
j1f
jn
jnf
jrand48
l64a
labs
lcong48
ldexp
ldexpf
ldexpl
ldiv
lfind
lgamma
lgamma_r
lgammaf
lgammaf_r
lgammal
lgammal_r
link
linkat
listen
llabs
lldiv
llrint
llrintf
llrintl
llround
llroundf
llroundl
localeconv
localtime
localtime_r
log
log10
log10f
log10l
log1p
log1pf
log1pl
log2
log2f
log2l
logb
logbf
logbl
logf
logl
lrand48
lrint
lrintf
lrintl
lround
lroundf
lroundl
lsearch
lseek
lstat
malloc
malloc_usable_size
mblen
mbrlen
mbrtoc16
mbrtoc32
mbrtowc
mbsinit
mbsnrtowcs
mbsrtowcs
mbstowcs
mbtowc
memccpy
memchr
memcmp
memcpy
memmem
memmove
mempcpy
memrchr
memset
mkdir
mkdirat
mktime
mmap
modf
modff
modfl
monotonic_clock_now
monotonic_clock_resolution
monotonic_clock_subscribe_duration
monotonic_clock_subscribe_instant
mrand48
munmap
nan
nanf
nanl
nanosleep
nearbyint
nearbyintf
nearbyintl
network_borrow_network
network_ip_address_free
network_ip_socket_address_free
network_network_drop_borrow
network_network_drop_own
newlocale
nextafter
nextafterf
nextafterl
nexttoward
nexttowardf
nexttowardl
nftw
nftw64
nl_langinfo
nl_langinfo_l
nrand48
ntohl
ntohs
open
open_memstream
open_wmemstream
openat
opendir
opendirat
optarg
opterr
optind
optopt
optreset
pathconf
perror
poll
poll_borrow_pollable
poll_list_borrow_pollable_free
poll_method_pollable_block
poll_method_pollable_ready
poll_poll
poll_pollable_drop_borrow
poll_pollable_drop_own
posix_close
posix_fadvise
posix_fallocate
posix_memalign
pow
pow10
pow10f
pow10l
powf
powl
pread
preadv
printf
program_invocation_name
program_invocation_short_name
pselect
psignal
putc
putc_unlocked
putchar
putchar_unlocked
putenv
puts
putw
putwc
putwc_unlocked
putwchar
putwchar_unlocked
pwrite
pwritev
qsort
qsort_r
quick_exit
raise
rand
rand_r
random
random_get_random_bytes
random_get_random_u64
random_insecure_get_insecure_random_bytes
random_insecure_get_insecure_random_u64
random_insecure_seed_insecure_seed
read
readdir
readlink
readlinkat
readv
realloc
reallocarray
realpath
recv
recvfrom
regcomp
regerror
regexec
regfree
remainder
remainderf
remainderl
remove
remque
remquo
remquof
remquol
rename
renameat
rewind
rewinddir
rindex
rint
rintf
rintl
rmdir
round
roundf
roundl
sbrk
scalb
scalbf
scalbln
scalblnf
scalblnl
scalbn
scalbnf
scalbnl
scandir
scandirat
scanf
sched_yield
seed48
seekdir
select
send
sendto
setbuf
setbuffer
setenv
setkey
setlinebuf
setlocale
setstate
setvbuf
shutdown
signal
signgam
significand
significandf
sin
sincos
sincosf
sincosl
sinf
sinh
sinhf
sinhl
sinl
sleep
snprintf
socket
sprintf
sqrt
sqrtf
sqrtl
srand
srand48
srandom
sscanf
stat
statvfs
stderr
stderr_get_stderr
stdin
stdin_get_stdin
stdout
stdout_get_stdout
stpcpy
stpncpy
strcasecmp
strcasecmp_l
strcasestr
strcat
strchr
strchrnul
strcmp
strcoll
strcoll_l
strcpy
strcspn
strdup
streams_borrow_input_stream
streams_borrow_output_stream
streams_input_stream_drop_borrow
streams_input_stream_drop_own
streams_method_input_stream_blocking_read
streams_method_input_stream_blocking_skip
streams_method_input_stream_read
streams_method_input_stream_skip
streams_method_input_stream_subscribe
streams_method_output_stream_blocking_flush
streams_method_output_stream_blocking_splice
streams_method_output_stream_blocking_write_and_flush
streams_method_output_stream_blocking_write_zeroes_and_flush
streams_method_output_stream_check_write
streams_method_output_stream_flush
streams_method_output_stream_splice
streams_method_output_stream_subscribe
streams_method_output_stream_write
streams_method_output_stream_write_zeroes
streams_output_stream_drop_borrow
streams_output_stream_drop_own
streams_result_list_u8_stream_error_free
streams_result_u64_stream_error_free
streams_result_void_stream_error_free
streams_stream_error_free
strerror
strerror_l
strerror_r
strfmon
strfmon_l
strftime
strftime_l
strlcat
strlcpy
strlen
strncasecmp
strncasecmp_l
strncat
strncmp
strncpy
strndup
strnlen
strpbrk
strptime
strrchr
strsep
strsignal
strspn
strstr
strtod
strtod_l
strtof
strtof_l
strtoimax
strtok
strtok_r
strtol
strtold
strtold_l
strtoll
strtoul
strtoull
strtoumax
strverscmp
strxfrm
strxfrm_l
swab
swprintf
swscanf
symlink
symlinkat
sysconf
tan
tanf
tanh
tanhf
tanhl
tanl
tcp_accept
tcp_bind
tcp_borrow_tcp_socket
tcp_create_socket_create_tcp_socket
tcp_create_socket_result_own_tcp_socket_error_code_free
tcp_ip_socket_address_free
tcp_listen
tcp_method_tcp_socket_accept
tcp_method_tcp_socket_address_family
tcp_method_tcp_socket_finish_bind
tcp_method_tcp_socket_finish_connect
tcp_method_tcp_socket_finish_listen
tcp_method_tcp_socket_hop_limit
tcp_method_tcp_socket_is_listening
tcp_method_tcp_socket_keep_alive_count
tcp_method_tcp_socket_keep_alive_enabled
tcp_method_tcp_socket_keep_alive_idle_time
tcp_method_tcp_socket_keep_alive_interval
tcp_method_tcp_socket_local_address
tcp_method_tcp_socket_receive_buffer_size
tcp_method_tcp_socket_remote_address
tcp_method_tcp_socket_send_buffer_size
tcp_method_tcp_socket_set_hop_limit
tcp_method_tcp_socket_set_keep_alive_count
tcp_method_tcp_socket_set_keep_alive_enabled
tcp_method_tcp_socket_set_keep_alive_idle_time
tcp_method_tcp_socket_set_keep_alive_interval
tcp_method_tcp_socket_set_listen_backlog_size
tcp_method_tcp_socket_set_receive_buffer_size
tcp_method_tcp_socket_set_send_buffer_size
tcp_method_tcp_socket_shutdown
tcp_method_tcp_socket_start_bind
tcp_method_tcp_socket_start_connect
tcp_method_tcp_socket_start_listen
tcp_method_tcp_socket_subscribe
tcp_result_bool_error_code_free
tcp_result_duration_error_code_free
tcp_result_ip_socket_address_error_code_free
tcp_result_tuple2_own_input_stream_own_output_stream_error_code_free
tcp_result_tuple3_own_tcp_socket_own_input_stream_own_output_stream_error_code_free
tcp_result_u32_error_code_free
tcp_result_u64_error_code_free
tcp_result_u8_error_code_free
tcp_result_void_error_code_free
tcp_tcp_socket_drop_borrow
tcp_tcp_socket_drop_own
tdelete
tdestroy
telldir
terminal_input_borrow_terminal_input
terminal_input_terminal_input_drop_borrow
terminal_input_terminal_input_drop_own
terminal_output_borrow_terminal_output
terminal_output_terminal_output_drop_borrow
terminal_output_terminal_output_drop_own
terminal_stderr_get_terminal_stderr
terminal_stderr_option_own_terminal_output_free
terminal_stdin_get_terminal_stdin
terminal_stdin_option_own_terminal_input_free
terminal_stdout_get_terminal_stdout
terminal_stdout_option_own_terminal_output_free
tfind
tgamma
tgammaf
tgammal
thrd_sleep
time
timegm
times
timespec_get
toascii
tolower
tolower_l
toupper
toupper_l
towctrans
towctrans_l
towlower
towlower_l
towupper
towupper_l
trunc
truncate
truncf
truncl
tsearch
twalk
udp_accept
udp_bind
udp_borrow_incoming_datagram_stream
udp_borrow_outgoing_datagram_stream
udp_borrow_udp_socket
udp_create_socket_create_udp_socket
udp_create_socket_result_own_udp_socket_error_code_free
udp_incoming_datagram_free
udp_incoming_datagram_stream_drop_borrow
udp_incoming_datagram_stream_drop_own
udp_ip_socket_address_free
udp_list_incoming_datagram_free
udp_list_outgoing_datagram_free
udp_listen
udp_method_incoming_datagram_stream_receive
udp_method_incoming_datagram_stream_subscribe
udp_method_outgoing_datagram_stream_check_send
udp_method_outgoing_datagram_stream_send
udp_method_outgoing_datagram_stream_subscribe
udp_method_udp_socket_address_family
udp_method_udp_socket_finish_bind
udp_method_udp_socket_local_address
udp_method_udp_socket_receive_buffer_size
udp_method_udp_socket_remote_address
udp_method_udp_socket_send_buffer_size
udp_method_udp_socket_set_receive_buffer_size
udp_method_udp_socket_set_send_buffer_size
udp_method_udp_socket_set_unicast_hop_limit
udp_method_udp_socket_start_bind
udp_method_udp_socket_stream
udp_method_udp_socket_subscribe
udp_method_udp_socket_unicast_hop_limit
udp_option_ip_socket_address_free
udp_outgoing_datagram_free
udp_outgoing_datagram_stream_drop_borrow
udp_outgoing_datagram_stream_drop_own
udp_result_ip_socket_address_error_code_free
udp_result_list_incoming_datagram_error_code_free
udp_result_tuple2_own_incoming_datagram_stream_own_outgoing_datagram_stream_error_code_free
udp_result_u64_error_code_free
udp_result_u8_error_code_free
udp_result_void_error_code_free
udp_udp_socket_drop_borrow
udp_udp_socket_drop_own
uname
ungetc
ungetwc
unlink
unlinkat
unsetenv
uselocale
usleep
utime
utimensat
utimes
vasprintf
vdprintf
versionsort
versionsort64
vfprintf
vfscanf
vfwprintf
vfwscanf
vprintf
vscanf
vsnprintf
vsprintf
vsscanf
vswprintf
vswscanf
vwprintf
vwscanf
wall_clock_now
wall_clock_resolution
wasip2_list_string_free
wasip2_list_tuple2_string_string_free
wasip2_list_u32_free
wasip2_list_u8_free
wasip2_option_string_free
wasip2_string_dup
wasip2_string_free
wasip2_string_set
wasip2_tuple2_string_string_free
wcpcpy
wcpncpy
wcrtomb
wcscasecmp
wcscasecmp_l
wcscat
wcschr
wcscmp
wcscoll
wcscoll_l
wcscpy
wcscspn
wcsdup
wcsftime
wcsftime_l
wcslen
wcsncasecmp
wcsncasecmp_l
wcsncat
wcsncmp
wcsncpy
wcsnlen
wcsnrtombs
wcspbrk
wcsrchr
wcsrtombs
wcsspn
wcsstr
wcstod
wcstof
wcstoimax
wcstok
wcstol
wcstold
wcstoll
wcstombs
wcstoul
wcstoull
wcstoumax
wcswcs
wcswidth
wcsxfrm
wcsxfrm_l
wctob
wctomb
wctrans
wctrans_l
wctype
wctype_l
wcwidth
wmemchr
wmemcmp
wmemcpy
wmemmove
wmemset
wprintf
write
writev
wscanf
y0
y0f
y1
y1f
yn
ynf
