__addtf3
__component_type_object_force_link_preview2
__divtf3
__eqtf2
__extenddftf2
__extendsftf2
__fixtfdi
__fixtfsi
__fixunstfsi
__floatsitf
__floatunsitf
__getf2
__gttf2
__heap_base
__heap_end
__imported_wasi_snapshot_preview1_args_get
__imported_wasi_snapshot_preview1_args_sizes_get
__imported_wasi_snapshot_preview1_clock_res_get
__imported_wasi_snapshot_preview1_clock_time_get
__imported_wasi_snapshot_preview1_environ_get
__imported_wasi_snapshot_preview1_environ_sizes_get
__imported_wasi_snapshot_preview1_fd_advise
__imported_wasi_snapshot_preview1_fd_allocate
__imported_wasi_snapshot_preview1_fd_close
__imported_wasi_snapshot_preview1_fd_datasync
__imported_wasi_snapshot_preview1_fd_fdstat_get
__imported_wasi_snapshot_preview1_fd_fdstat_set_flags
__imported_wasi_snapshot_preview1_fd_fdstat_set_rights
__imported_wasi_snapshot_preview1_fd_filestat_get
__imported_wasi_snapshot_preview1_fd_filestat_set_size
__imported_wasi_snapshot_preview1_fd_filestat_set_times
__imported_wasi_snapshot_preview1_fd_pread
__imported_wasi_snapshot_preview1_fd_prestat_dir_name
__imported_wasi_snapshot_preview1_fd_prestat_get
__imported_wasi_snapshot_preview1_fd_pwrite
__imported_wasi_snapshot_preview1_fd_read
__imported_wasi_snapshot_preview1_fd_readdir
__imported_wasi_snapshot_preview1_fd_renumber
__imported_wasi_snapshot_preview1_fd_seek
__imported_wasi_snapshot_preview1_fd_sync
__imported_wasi_snapshot_preview1_fd_tell
__imported_wasi_snapshot_preview1_fd_write
__imported_wasi_snapshot_preview1_path_create_directory
__imported_wasi_snapshot_preview1_path_filestat_get
__imported_wasi_snapshot_preview1_path_filestat_set_times
__imported_wasi_snapshot_preview1_path_link
__imported_wasi_snapshot_preview1_path_open
__imported_wasi_snapshot_preview1_path_readlink
__imported_wasi_snapshot_preview1_path_remove_directory
__imported_wasi_snapshot_preview1_path_rename
__imported_wasi_snapshot_preview1_path_symlink
__imported_wasi_snapshot_preview1_path_unlink_file
__imported_wasi_snapshot_preview1_poll_oneoff
__imported_wasi_snapshot_preview1_proc_exit
__imported_wasi_snapshot_preview1_random_get
__imported_wasi_snapshot_preview1_sched_yield
__imported_wasi_snapshot_preview1_sock_accept
__imported_wasi_snapshot_preview1_sock_recv
__imported_wasi_snapshot_preview1_sock_send
__imported_wasi_snapshot_preview1_sock_shutdown
__letf2
__lttf2
__netf2
__stack_pointer
__subtf3
__trunctfdf2
__trunctfsf2
__unordtf2
__wasm_call_ctors
__wasm_import_environment_get_arguments
__wasm_import_environment_get_environment
__wasm_import_environment_initial_cwd
__wasm_import_exit_exit
__wasm_import_filesystem_descriptor_drop
__wasm_import_filesystem_directory_entry_stream_drop
__wasm_import_filesystem_filesystem_error_code
__wasm_import_filesystem_method_descriptor_advise
__wasm_import_filesystem_method_descriptor_append_via_stream
__wasm_import_filesystem_method_descriptor_create_directory_at
__wasm_import_filesystem_method_descriptor_get_flags
__wasm_import_filesystem_method_descriptor_get_type
__wasm_import_filesystem_method_descriptor_is_same_object
__wasm_import_filesystem_method_descriptor_link_at
__wasm_import_filesystem_method_descriptor_metadata_hash
__wasm_import_filesystem_method_descriptor_metadata_hash_at
__wasm_import_filesystem_method_descriptor_open_at
__wasm_import_filesystem_method_descriptor_read
__wasm_import_filesystem_method_descriptor_read_directory
__wasm_import_filesystem_method_descriptor_read_via_stream
__wasm_import_filesystem_method_descriptor_readlink_at
__wasm_import_filesystem_method_descriptor_remove_directory_at
__wasm_import_filesystem_method_descriptor_rename_at
__wasm_import_filesystem_method_descriptor_set_size
__wasm_import_filesystem_method_descriptor_set_times
__wasm_import_filesystem_method_descriptor_set_times_at
__wasm_import_filesystem_method_descriptor_stat
__wasm_import_filesystem_method_descriptor_stat_at
__wasm_import_filesystem_method_descriptor_symlink_at
__wasm_import_filesystem_method_descriptor_sync
__wasm_import_filesystem_method_descriptor_sync_data
__wasm_import_filesystem_method_descriptor_unlink_file_at
__wasm_import_filesystem_method_descriptor_write
__wasm_import_filesystem_method_descriptor_write_via_stream
__wasm_import_filesystem_method_directory_entry_stream_read_directory_entry
__wasm_import_filesystem_preopens_get_directories
__wasm_import_instance_network_instance_network
__wasm_import_io_error_error_drop
__wasm_import_io_error_method_error_to_debug_string
__wasm_import_ip_name_lookup_method_resolve_address_stream_resolve_next_address
__wasm_import_ip_name_lookup_method_resolve_address_stream_subscribe
__wasm_import_ip_name_lookup_resolve_address_stream_drop
__wasm_import_ip_name_lookup_resolve_addresses
__wasm_import_monotonic_clock_now
__wasm_import_monotonic_clock_resolution
__wasm_import_monotonic_clock_subscribe_duration
__wasm_import_monotonic_clock_subscribe_instant
__wasm_import_network_network_drop
__wasm_import_poll_method_pollable_block
__wasm_import_poll_method_pollable_ready
__wasm_import_poll_poll
__wasm_import_poll_pollable_drop
__wasm_import_random_get_random_bytes
__wasm_import_random_get_random_u64
__wasm_import_random_insecure_get_insecure_random_bytes
__wasm_import_random_insecure_get_insecure_random_u64
__wasm_import_random_insecure_seed_insecure_seed
__wasm_import_stderr_get_stderr
__wasm_import_stdin_get_stdin
__wasm_import_stdout_get_stdout
__wasm_import_streams_input_stream_drop
__wasm_import_streams_method_input_stream_blocking_read
__wasm_import_streams_method_input_stream_blocking_skip
__wasm_import_streams_method_input_stream_read
__wasm_import_streams_method_input_stream_skip
__wasm_import_streams_method_input_stream_subscribe
__wasm_import_streams_method_output_stream_blocking_flush
__wasm_import_streams_method_output_stream_blocking_splice
__wasm_import_streams_method_output_stream_blocking_write_and_flush
__wasm_import_streams_method_output_stream_blocking_write_zeroes_and_flush
__wasm_import_streams_method_output_stream_check_write
__wasm_import_streams_method_output_stream_flush
__wasm_import_streams_method_output_stream_splice
__wasm_import_streams_method_output_stream_subscribe
__wasm_import_streams_method_output_stream_write
__wasm_import_streams_method_output_stream_write_zeroes
__wasm_import_streams_output_stream_drop
__wasm_import_tcp_create_socket_create_tcp_socket
__wasm_import_tcp_method_tcp_socket_accept
__wasm_import_tcp_method_tcp_socket_address_family
__wasm_import_tcp_method_tcp_socket_finish_bind
__wasm_import_tcp_method_tcp_socket_finish_connect
__wasm_import_tcp_method_tcp_socket_finish_listen
__wasm_import_tcp_method_tcp_socket_hop_limit
__wasm_import_tcp_method_tcp_socket_ipv6_only
__wasm_import_tcp_method_tcp_socket_is_listening
__wasm_import_tcp_method_tcp_socket_keep_alive_count
__wasm_import_tcp_method_tcp_socket_keep_alive_enabled
__wasm_import_tcp_method_tcp_socket_keep_alive_idle_time
__wasm_import_tcp_method_tcp_socket_keep_alive_interval
__wasm_import_tcp_method_tcp_socket_local_address
__wasm_import_tcp_method_tcp_socket_receive_buffer_size
__wasm_import_tcp_method_tcp_socket_remote_address
__wasm_import_tcp_method_tcp_socket_send_buffer_size
__wasm_import_tcp_method_tcp_socket_set_hop_limit
__wasm_import_tcp_method_tcp_socket_set_ipv6_only
__wasm_import_tcp_method_tcp_socket_set_keep_alive_count
__wasm_import_tcp_method_tcp_socket_set_keep_alive_enabled
__wasm_import_tcp_method_tcp_socket_set_keep_alive_idle_time
__wasm_import_tcp_method_tcp_socket_set_keep_alive_interval
__wasm_import_tcp_method_tcp_socket_set_listen_backlog_size
__wasm_import_tcp_method_tcp_socket_set_receive_buffer_size
__wasm_import_tcp_method_tcp_socket_set_send_buffer_size
__wasm_import_tcp_method_tcp_socket_shutdown
__wasm_import_tcp_method_tcp_socket_start_bind
__wasm_import_tcp_method_tcp_socket_start_connect
__wasm_import_tcp_method_tcp_socket_start_listen
__wasm_import_tcp_method_tcp_socket_subscribe
__wasm_import_tcp_tcp_socket_drop
__wasm_import_terminal_input_terminal_input_drop
__wasm_import_terminal_output_terminal_output_drop
__wasm_import_terminal_stderr_get_terminal_stderr
__wasm_import_terminal_stdin_get_terminal_stdin
__wasm_import_terminal_stdout_get_terminal_stdout
__wasm_import_udp_create_socket_create_udp_socket
__wasm_import_udp_incoming_datagram_stream_drop
__wasm_import_udp_method_incoming_datagram_stream_receive
__wasm_import_udp_method_incoming_datagram_stream_subscribe
__wasm_import_udp_method_outgoing_datagram_stream_check_send
__wasm_import_udp_method_outgoing_datagram_stream_send
__wasm_import_udp_method_outgoing_datagram_stream_subscribe
__wasm_import_udp_method_udp_socket_address_family
__wasm_import_udp_method_udp_socket_finish_bind
__wasm_import_udp_method_udp_socket_ipv6_only
__wasm_import_udp_method_udp_socket_local_address
__wasm_import_udp_method_udp_socket_receive_buffer_size
__wasm_import_udp_method_udp_socket_remote_address
__wasm_import_udp_method_udp_socket_send_buffer_size
__wasm_import_udp_method_udp_socket_set_ipv6_only
__wasm_import_udp_method_udp_socket_set_receive_buffer_size
__wasm_import_udp_method_udp_socket_set_send_buffer_size
__wasm_import_udp_method_udp_socket_set_unicast_hop_limit
__wasm_import_udp_method_udp_socket_start_bind
__wasm_import_udp_method_udp_socket_stream
__wasm_import_udp_method_udp_socket_subscribe
__wasm_import_udp_method_udp_socket_unicast_hop_limit
__wasm_import_udp_outgoing_datagram_stream_drop
__wasm_import_udp_udp_socket_drop
__wasm_import_wall_clock_now
__wasm_import_wall_clock_resolution
